
Resolved DLRM backend command:
wsl -d Ubuntu-22.04 bash -lc "set -e; export PYTHONIOENCODING=utf-8; export LANG=C.UTF-8; export LC_ALL=C.UTF-8; source $HOME/venvs/torchrec17/bin/activate; cd /mnt/c/Users/han/Desktop/dlrm; export TORCHREC_PROTOTYPE_RUN_DIR=/mnt/c/Users/han/Desktop/prototype/runs/20260728-150700-68bed0e6; exec torchrun --standalone --nnodes=1 --nproc_per_node=1 -m torchrec_dlrm.dlrm_main --epochs 1 --batch_size 4 --learning_rate 0.01 --test_batch_size 4 --num_embeddings 1024 --embedding_dim 8 --dense_arch_layer_sizes 8,8 --over_arch_layer_sizes 8,1 --dataset_name criteo_kaggle --in_memory_binary_criteo_path /mnt/c/Users/han/Desktop/prototype/data/criteo_kaggle_sample_npy --checkpoint_load_path /mnt/c/Users/han/Desktop/prototype/runs/20260728-150552-7e92c28f/checkpoints/step-final --limit_train_batches 0 --limit_val_batches 1 --limit_test_batches 1"

Runner failed with an unhandled exception.
Traceback (most recent call last):
  File "C:\Users\han\Desktop\prototype\runner\cli.py", line 29, in main
    exit_code = backend.run(config, run_dir)
  File "C:\Users\han\Desktop\prototype\runner\backends\dlrm_backend.py", line 57, in run
    raise RuntimeError(
    ...<2 lines>...
    )
RuntimeError: DLRM backend command exited with code 1. Check that the configured WSL distribution exists, the Python environment can be activated, and the DLRM root is accessible from WSL.
Recent output:
  File "/home/han/venvs/torchrec17/lib/python3.10/site-packages/torch/distributed/launcher/api.py", line 194, in __call__
    return launch_agent(
  File "/home/han/venvs/torchrec17/lib/python3.10/site-packages/torch/distributed/launcher/api.py", line 383, in launch_agent
    raise ChildFailedError(
torch.distributed.elastic.multiprocessing.errors.ChildFailedError:
============================================================
torchrec_dlrm.dlrm_main FAILED
------------------------------------------------------------
Failures:
  <NO_OTHER_FAILURES>
------------------------------------------------------------
Root Cause (first observed failure):
[0]:
  time      : 2026-07-28_15:07:13
  host      : DESKTOP-E62IVLR.localdomain
  rank      : 0 (local_rank: 0)
  exitcode  : 1 (pid: 392)
  error_file: <N/A>
  traceback : To enable traceback see: https://pytorch.org/docs/stable/elastic/errors.html
============================================================
